// Jest Snapshot v1, https://goo.gl/fbAQLP

exports[`VideoLooper matches Snapshot 1`] = `
<div>
  <div
    autoplay=""
    class="sc-bdVaJa hatrPw"
    end="9.48"
    height="100vh"
    speed="1"
    start="4.31"
    width="100%"
  >
    <div
      autoplay=""
      class="sc-htpNat jfHBEU"
      end="9.48"
      height="100vh"
      speed="1"
      start="4.31"
      width="100%"
    />
    <video
      autoplay=""
      class="sc-bwzfXH cMFZDI"
      end="9.48"
      height="100vh"
      speed="1"
      start="4.31"
      width="100%"
    >
      <source
        src="sample.mp4"
        type="video/mp4"
      />
    </video>
    <video
      autoplay=""
      class="sc-bwzfXH eqeTFC videoClone"
      end="9.48"
      height="100vh"
      speed="1"
      start="4.31"
      width="100%"
    >
      <source
        src="sample.mp4"
        type="video/mp4"
      />
    </video>
  </div>
</div>
`;